python3: can't open file '/home/yang/cruxeval/openai_run.py': [Errno 2] No such file or directory
